[
  function_declaration: [
    identifier: "main",
    function_arguments: [],
    function_body: [
      if_statement: [
        condition: {:variable, "cond"},
        yes: [
          call_statement: {:function_call,
           [calle: {:identifier, "cond"}, args: [variable: "a", integer: "4"]]},
          return_statement: {:integer, "1"}
        ],
        no: []
      ],
      return_statement: {:integer, "2"}
    ]
  ]
]