{[
   if_statement: [
     condition: {:variable, <<97>>},
     yes: [return_statement: {:integer, <<49>>}],
     no: []
   ]
 ], []}