[
  function_declaration: [
    identifier: "add",
    function_arguments: [variable: "a", variable: "b"],
    function_body: [return_statement: {:variable, "a"}]
  ]
]