[
  %{
    "argument" => %{"type" => "Literal", "value" => true},
    "type" => "ReturnStatement"
  }
]