[
  %{
    "argument" => %{"type" => "Literal", "value" => "Hello, World!"},
    "type" => "ReturnStatement"
  }
]