%{
  "body" => [
    %{
      "body" => %{
        "body" => [
          %{
            "argument" => %{"type" => "Literal", "value" => "a"},
            "type" => "ReturnStatement"
          }
        ],
        "type" => "BlockStatement"
      },
      "id" => %{"name" => "a", "type" => "Identifier"},
      "params" => [],
      "type" => "FunctionDeclaration"
    },
    %{
      "body" => %{
        "body" => [
          %{
            "argument" => %{"type" => "Literal", "value" => "Hello, World!"},
            "type" => "ReturnStatement"
          }
        ],
        "type" => "BlockStatement"
      },
      "id" => %{"name" => "main", "type" => "Identifier"},
      "params" => [],
      "type" => "FunctionDeclaration"
    }
  ],
  "type" => "Program"
}