[
  %{
    "argument" => %{"name" => "a", "type" => "Identifier"},
    "type" => "ReturnStatement"
  }
]