[
  keyword: "if",
  new_line: "\n",
  variable: "a",
  punctuator: ":",
  keyword: "return",
  integer: "1",
  new_line: "\n",
  identifier: "cond",
  punctuator: "(",
  variable: "a",
  punctuator: ",",
  integer: "4",
  punctuator: ")",
  punctuator: ":",
  keyword: "return",
  integer: "2",
  new_line: "\n",
  boolean: "true",
  punctuator: ":",
  keyword: "return",
  integer: "3",
  new_line: "\n",
  punctuator: ".",
  new_line: "\n"
]